[    00000] nialzing cgousubsy cse
[  0.00000] Initializing cgroup subsys cpu
[    0.0000 Iitializg group suyspuacct
[  .00000 Lnuvesion 4.027generic (uid@cy01-a6402 (gcc verson.4 20106 (unu 5.40-ubtu~16.0.9) 53-UbutuMPat May 19105846UT 2018 (Ubuntu 4.4.0-127.1-gerc 4..1)[   .000] Commndin BOOTMA=/oot/vmliuz.4-127geer rot=LELlodimg-oos  consletyconse=yS
[  00000] RN spported cus
[   .000000]   Intel GenuineIntel
[    0.000000]   AMD AuthenticAMD
[    0.000000]   Centaur CentaurHauls
[    0.000000] x86/fpu: xstate_offset[2]:  576, xstate_sizes[2]:  256
[    0.000000] x86/fpu: Supporting XSAVE feature 0x01: 'x87 floating point registers'
[    0.000000] x86/fpu: Supporting XSAVE feature 0x02: 'SSE registers'
[    0.000000] x86/fpu: Supporting XSAVE feature 0x04: 'AVX registers'
[    0.000000] x86/fpu: Enabled xstate features 0x7, context size is 832 bytes, using 'standard' format.
[    0.000000] x86/fpu: Using 'lazy' FPU context switches.
[    0.000000] e820: BIOS-provided physical RAM map:
[    0.000000] BIOS-e820: [mem 0x0000000000000000-0x000000000009fbff] usable
[    0.000000] BIOS-e820: [mem 0x000000000009fc00-0x000000000009ffff] reserved
[    0.000000] BIOS-e820: [mem 0x00000000000f0000-0x00000000000fffff] reserved
[    0.000000] BIOS-e820: [mem 0x0000000000100000-0x00000000dffeffff] usable
[    0.000000] BIOS-e820: [mem 0x00000000dfff0000-0x00000000dfffffff] ACPI data
[    0.000000] BIOS-e820: [mem 0x00000000fec00000-0x00000000fec00fff] reserved
[    0.000000] BIOS-e820: [mem 0x00000000fee00000-0x00000000fee00fff] reserved
[    0.000000] BIOS-e820: [mem 0x00000000fffc0000-0x00000000ffffffff] reserved
[    0.000000] BIOS-e820: [mem 0x0000000100000000-0x000000030f7fffff] usable
[    0.000000] NX (Execute Disable) protection: active
[    0.000000] SMBIOS 2.5 present.
[    0.000000] Hypervisor detected: KVM
[    0.000000] e820: last_pfn = 0x30f800 max_arch_pfn = 0x400000000
[    0.000000] MTRR: Disabled
[    0.000000] x86/PAT: MTRRs disabled, skipping PAT initialization too.
[    0.000000] CPU MTRRs all blank - virtualized system.
[    0.000000] x86/PAT: Configuration [0-7]: WB  WT  UC- UC  WB  WT  UC- UC  
[    0.000000] e820: last_pfn = 0xdfff0 max_arch_pfn = 0x400000000
[    0.000000] found SMP MP-table at [mem 0x0009fff0-0x0009ffff] mapped at [ffff88000009fff0]
[    0.000000] Scanning 1 areas for low memory corruption
[    0.000000] RAMDISK: [mem 0x36a96000-0x37542fff]
[    0.000000] ACPI: Early table checksum verification disabled
[    0.000000] ACPI: RSDP 0x00000000000E0000 000024 (v02 VBOX  )
[    0.000000] ACPI: XSDT 0x00000000DFFF0030 00003C (v01 VBOX   VBOXXSDT 00000001 ASL  00000061)
[    0.000000] ACPI: FACP 0x00000000DFFF00F0 0000F4 (v04 VBOX   VBOXFACP 00000001 ASL  00000061)
[    0.000000] ACPI: DSDT 0x00000000DFFF0480 0021FF (v02 VBOX   VBOXBIOS 00000002 INTL 20140214)
[    0.000000] ACPI: FACS 0x00000000DFFF0200 000040
[  0.0000 API: CSx0000000DFFF0200 000040
[    0.000000] ACPI: APIC 0x00000000DFFF0240 00006C (v02 VBOX   VBOXAPIC 00000001 ASL  00000061)
[    0.000000] ACPI: SSDT 0x00000000DFFF02B0 0001CC (v01 VBOX   VBOXCPUT 00000002 INTL 20140214)
[    0.000000] No NUMA configuration found
[    0.000000] Faking a node at [mem 0000000000000-0x000000030f7fffff]
[    0.000000] NODE_DATA(0) allocated [mem 0x30f7000x30f7f5fff]
[    0.000000] kvm-clock: Using msrs 4b564d01 and 4b564d00
[    0.000000] kvm-clock: cpu 0, msr 3:f7e9001, primary cpu clock
   000000] kvm-clock: using sched offset of 3157772631 cycles
[    0.000000] clocksource: kvm-clock: mask: 0xffffffffffffffff max_cycles: 0x1cd42e4dffb, max_idle_ns: 881590591483 ns
[    0.000000] Zone ranges:
[    0.000000]   DMA      [mem 0x0000000000001000-0x0000000000ffffff]
[    0.000000]   DMA32    [mem 0x0000000001000000-0x00000000ffffffff]
[    0.000000]   Normal   [mem 0x0000000100000000-0x000000030f7fffff]
[    0.000000]   Device   empty
[    0.000000] Movable zone start for each node
[    0.000000] Early memory node ranges
[    0.000000]   node   0: [mem 0x0000000000001000-0x000000000009efff]
[   .00000  od   0: [mem 0x0000000000100000-0x00000000dffeffff]
[    0.000000]   node   0: [mem 0x0000000100000000-0x000000030f7fffff]
[    0.000000] Initmem setup node 0 [mem 0x0000000000001000-0x000000030f7fffff]
[    0.000000] ACPI: PM-Timer IO Port: 0x4008
[    0.000000] IOAPIC[0]: apic_id 4, version 32, address 0xfec00000, GSI 0-23
[    0.000000] ACPI: INT_SRC_OVR (bus 0 bus_irq 0 global_irq 2 dfl dfl)
[    0.000000] ACPI: INT_SRC_OVR (bus 0 bus_irq 9 global_irq 9owleel)
[    0.000000] Using ACPI (MADT) for SMP configuration information
[    0.000000] smpboot: Allowing 4 CPUs, 0 hotplug CPUs
[    0.000000] PM: Registered nosave memory: [mem 0x00000000-0x00000fff]
[    0.000000] PM:Reisered nosave emry [mem 0x000f00-0x0009ffff]
[    0.000000] PM: Registered nosave memory: [mem 0x000a0000-0x000effff]
[    0.000000] PM: Registered nosave memory: [mem 0x000f0000-0x000fffff]
[    0.000000] PM: Registered nosave memory: [mem 0xdfff0000-0xdfffffff]
[    0.000000] PM: Registered nosave memory: [mem 0xe0000000-0xfebfffff]
[    0.000000] PM: Registered nosave memory: [mem 0xfec00000-0xfec00fff]
[    0.000000] PM: Registered nosave memory: [mem 0xfec01000-0xfedfffff]
[    0.000000] PM: Registered nosave memory: [mem 0xfee00000-0xfee00fff]
[    0.000000] PM: Registered nosave memory: [mem 0xfee01000-0xfffbffff]
[    0.000000] PM: Registered nosave memory: [mem 0xfffc0000-0xffffffff]
[    0.000000] e820: [mem 0xe0000000-0xfebfffff] available for PCI devices
[    0.000000] Booting paravirtualized kernel on KVM
[    0.000000] clocksource: refined-jiffies: mask: 0xffffffff max_cycles: 0xffffffff, max_idle_ns: 7645519600211568 ns
[    0.000000] setup_percpu: NR_CPUS:512 nr_cpumask_bits:512 nr_cpu_ids:4 nr_node_ids:1
[    0.00000] PERCPU: Embedded 34 pages/cpu @ffff88030f400000 s99544 r8192 d31528 u524288
[    0.000000] PV qspinlock hash table entries: 256 (order: 0, 4096 bytes)
[    0.000000] Built 1 zonelists in Node order, mobility grouping on.  Total pages: 3029912
[    0.000000] Policy zone: Normal
[    0.000000] Kernel command line: BOOT_IMAGE=/boot/vmlinuz-4.4.0-127-generic root=LABEL=cloudimg-rootfs ro console=tty1 console=ttyS0
[    0.000000] PID hash table entries: 4096 (order: 3, 32768 bytes)
[    0.000000] Memory: 12023100K/12312120K available (8537K kernel code, 1313K rwdata, 4000K rodata, 1512K init, 1316K bss, 289020K reserved, 0K cma-reserved)
[    0.000000] SLUB: HWalign=64, Order=0-3, MinObjects=0, CPUs=4, Nodes=1
[    0.000000] Kernel/User page tables isolation: enabled
[    0.000000] Hierarchical RCU implementation.
[    0.000000] 	Build-time adjustment of leaf fanout to 64.
[    0.000000] 	RCU restricting CPUs from NR_CPUS=512 to nr_cpu_ids=4.
[    0.000000] RCU: Adjusting geometry for rcu_fanout_leaf=64, nr_cpu_ids=4
[    0.000000] NR_IRQS:33024 nr_irqs:456 16
[    0.000000] Console: colour VGA+ 80x25
[    0.000000] console [tty1] enabled
[    0.000000] console [ttyS0] enabled
[    0.000000] tsc: Detected 3590.690 MHz processor
[    2.729736] Calibrating delay loop (skipped) preset value.. 7181.38 BogoMIPS (lpj=14362760)
[    2.735937] pid_max: default: 32768 minimum: 301
[    2.736809] ACPI: Core revision 20150930
[    2.740840] ACPI: 2 ACPI AML tables successfully acquired and loaded
[    2.747944] Security Framework initialized
[    2.748673] Yama: becoming mindful.
[    2.751784] AppArmor: AppArmor initialized
[    2.755985] Dentry cache hash table entries: 2097152 (order: 12, 16777216 bytes)
[    2.774975] Inode-cache hash table entries: 1048576 (order: 11, 8388608 bytes)
[    2.784688] Mount-cache hash table entries: 32768 (order: 6, 262144 bytes)
[    2.795798] Mountpoint-cache hash table entries: 32768 (order: 6, 262144 bytes)
[    2.800996] Initializing cgroup subsys io
[    2.807197] Initializing cgroup subsys memory
[    2.809645] Initializing cgroup subsys devices
[    2.811815] Initializing cgroup subsys freezer
[    2.815847] Initializing cgroup subsys net_cls
[    2.819688] Initializing cgroup subsys perf_event
[    2.823925] Initializing cgroup subsys net_prio
[    2.834327] Initializing cgroup subsys hugetlb
[    2.836286] Initializing cgroup subsys pids
[    2.839740] CPU: Physical Processor ID: 0
[    2.843948] CPU: Processor Core ID: 0
[    2.848665] mce: CPU supports 0 MCE banks
[    2.854790] Last level iTLB entries: 4KB 1024, 2MB 1024, 4MB 1024
[    2.864803] Last level dTLB entries: 4KB 1024, 2MB 1024, 4MB 1024, 1GB 4
[    2.867604] Spectre V2 : Mitigation: Full generic retpoline
[    2.869787] Spectre V2 : Speculation control IBPB not-supported IBRS not-supported
[    2.872122] Speculative Store Bypass: Vulnerable
[    2.886455] Freeing SMP alternatives memory: 32K
[    2.900865] ftrace: allocating 32237 entries in 126 pages
[    2.963863] smpboot: APIC(0) Converting physical 0 to logical package 0
[    2.971514] smpboot: Max logical packages: 1
[    2.980670] x2apic enabled
[    3.004611] Switched APIC routing to physical x2apic.
[    3.026150] ..TIMER: vector=0x30 apic1=0 pin1=2 apic2=-1 pin2=-1
[    3.138647] smpboot: CPU0: Intel(R) Core(TM) i7-4790 CPU @ 3.60GHz (family: 0x6, model: 0x3c, stepping: 0x3)
[    3.195242] Performance Events: unsupported p6 CPU model 60 no PMU driver, software events only.
[    3.208193] KVM setup paravirtual spinlock
[    3.225901] x86: Booting SMP configuration:
[    3.227781] .... node  #0, CPUs:      #1
[    3.229760] kvm-clock: cpu 1, msr 3:f7e9041, secondary cpu clock
[    3.232332] mce: CPU supports 0 MCE banks
[    3.234947]  #2
[    3.248390] kvm-clock: cpu 2, msr 3:f7e9081, secondary cpu clock
[    3.264034] mce: CPU supports 0 MCE banks
[    3.267628]  #3
[    3.273443] kvm-clock: cpu 3, msr 3:f7e90c1, secondary cpu clock
[    3.285317] mce: CPU supports 0 MCE banks
[    3.295175] x86: Booted up 1 node, 4 CPUs
[    3.301520] smpboot: Total of 4 processors activated (28725.52 BogoMIPS)
[    3.311048] devtmpfs: initialized
[    3.320060] evm: security.selinux
[    3.338469] evm: security.SMACK64
[    3.340489] evm: security.SMACK64EXEC
[    3.341588] evm: security.SMACK64TRANSMUTE
[    3.342797] evm: security.SMACK64MMAP
[    3.343891] evm: security.ima
[    3.344844] evm: security.capability
[    3.347942] clocksource: jiffies: mask: 0xffffffff max_cycles: 0xffffffff, max_idle_ns: 7645041785100000 ns
[    3.350631] futex hash table entries: 1024 (order: 4, 65536 bytes)
[    3.354384] pinctrl core: initialized pinctrl subsystem
[    3.356980] RTC time: 14:30:52, date: 05/28/18
[    3.358607] NET: Registered protocol family 16
[    3.371215] cpuidle: using governor ladder
[    3.391055] cpuidle: using governor menu
[    3.397177] PCCT header not found.
[    3.405313] ACPI: bus type PCI registered
[    3.406477] acpiphp: ACPI Hot Plug PCI Controller Driver version: 0.5
[    3.408438] PCI: Using configuration type 1 for base access
[    3.426343] ACPI: Added _OSI(Module Device)
[    3.427672] ACPI: Added _OSI(Processor Device)
[    3.432327] ACPI: Added _OSI(3.0 _SCP Extensions)
[    3.436671] ACPI: Added _OSI(Processor Aggregator Device)
[    3.446821] ACPI: Executed 1 blocks of module-level executable AML code
[    3.453724] ACPI: Interpreter enabled
[    3.487679] ACPI: (supports S0 S5)
[    3.504607] ACPI: Using IOAPIC for interrupt routing
[    3.521361] PCI: Using host bridge windows from ACPI; if necessary, use "pci=nocrs" and report a bug
[    3.534471] ACPI: PCI Root Bridge [PCI0] (domain 0000 [bus 00-ff])
[    3.549673] acpi PNP0A03:00: _OSC: OS supports [ASPM ClockPM Segments MSI]
[    3.551965] acpi PNP0A03:00: _OSC: not requesting OS control; OS requires [ExtendedConfig ASPM ClockPM MSI]
[    3.571666] acpi PNP0A03:00: fail to add MMCONFIG information, can't access extended PCI configuration space under this bridge.
[    3.579321] PCI host bridge to bus 0000:00
[    3.590270] pci_bus 0000:00: root bus resource [io  0x0000-0x0cf7 window]
[    3.598901] pci_bus 0000:00: root bus resource [io  0x0d00-0xffff window]
[    3.604139] pci_bus 0000:00: root bus resource [mem 0x000a0000-0x000bffff window]
[    3.605573] pci_bus 0000:00: root bus resource [mem 0xe0000000-0xfdffffff window]
[    3.619072] pci_bus 0000:00: root bus resource [bus 00-ff]
[    3.621655] pci 0000:00:01.1: legacy IDE quirk: reg 0x10: [io  0x01f0-0x01f7]
[    3.628201] pci 0000:00:01.1: legacy IDE quirk: reg 0x14: [io  0x03f6]
[    3.632003] pci 0000:00:01.1: legacy IDE quirk: reg 0x18: [io  0x0170-0x0177]
[    3.641309] pci 0000:00:01.1: legacy IDE quirk: reg 0x1c: [io  0x0376]
[    3.832324] pci 0000:00:07.0: quirk: [io  0x4000-0x403f] claimed by PIIX4 ACPI
[    3.840541] pci 0000:00:07.0: quirk: [io  0x4100-0x410f] claimed by PIIX4 SMB
[    4.001356] ACPI: PCI Interrupt Link [LNKA] (IRQs 5 9 10 *11)
[    4.008476] ACPI: PCI Interrupt Link [LNKB] (IRQs 5 9 *10 11)
[    4.009968] ACPI: PCI Interrupt Link [LNKC] (IRQs 5 *9 10 11)
[    4.011381] ACPI: PCI Interrupt Link [LNKD] (IRQs 5 9 10 *11)
[    4.014045] ACPI: Enabled 2 GPEs in block 00 to 07
[    4.018096] vgaarb: setting as boot device: PCI:0000:00:02.0
[    4.020266] vgaarb: device added: PCI:0000:00:02.0,decodes=io+mem,owns=io+mem,locks=none
[    4.021773] vgaarb: loaded
[    4.027866] vgaarb: bridge control possible 0000:00:02.0
[    4.030414] SCSI subsystem initialized
[    4.033372] ACPI: bus type USB registered
[    4.044834] usbcore: registered new interface driver usbfs
[    4.048043] usbcore: registered new interface driver hub
[    4.063727] usbcore: registered new device driver usb
[    4.069423] PCI: Using ACPI for IRQ routing
[    4.077391] NetLabel: Initializing
[    4.079601] NetLabel:  domain hash size = 128
[    4.089038] NetLabel:  protocols = UNLABELED CIPSOv4
[    4.095299] NetLabel:  unlabeled traffic allowed by default
[    4.105252] amd_nb: Cannot enumerate AMD northbridges
[    4.140912] clocksource: Switched to clocksource kvm-clock
[    4.158322] AppArmor: AppArmor Filesystem Enabled
[   1655 p: nP ACPI init
[    4.380057] pnp: PnP ACPI: found 3 devices
[    4.387733] clocksource: acpi_pm: mask: 0xffffff max_cycles: 0xffff,ax_idle_ns: 2085701024 ns
[    4.484508] NET: Registered protocol family 2
[    4.486330] TCP established hash table entries: 131072 (order: 8, 1048576 bytes)
[    4.489689] TCP bind hash table entries: 65536 (order: 8, 1048576 bytes)
[    4.491590] TCP: Hash tables configured (established 131072 bind 65536)
[    4.493378] UDP hash table entries: 8192 (order: 6, 262144 bytes)
[    4.495076] UDP-Lite hash table entries: 8192 (order: 6, 262144 bytes)
[    4.496981] NET: Regiser potolamy 
[  4757371]ci000:0:0.: imtig irct PCI/PCI transfers
[    5.081359] pci 0000:00:01.0: Activating ISA DMA hang workarounds
[    5.083071] Unpacking initramfs...

[    6.962848] Freeing initrd memory: 10932K
[    7.027238] PCI-DMA: Using software bounce buffering for IO (SWIOTLB)
[    7.036311] software IO TLB [mem 0xdbff0000-0xdfff0000] (64MB) mapped at [ffff8800dbff0000-ffff8800dffeffff]
[    7.037716] RAPL PMU detected, API unit is 2^-32 Joules, 4 fixed counters 10737418240 ms ovfl timer
[    7.041840] hw unit of domain pp0-core 2^-0 Joules
[    7.050516] hw unit of domain package 2^-0 Joules
[    7.051179] hw unit of domain dram 2^-0 Joules
[    7.071770] hw unit of domain pp1-gpu 2^-0 Joules
[    7.090039] platform rtc_cmos: registered platform RTC device (no PNP device found)
[    7.093757] Scanning for low memory corruption every 60 seconds
[    7.103180] audit: initializing netlink subsys (disabled)
[    7.105053] audit: type=2000 audit(1527517857.397:1): initialized
[    7.107365] Initialise system trusted keyring
[    7.110994] HugeTLB registered 2 MB page size, pre-allocated 0 pages
[    7.114109] zbud: loaded
[    7.128301] VFS: Disk quotas dquot_6.6.0
[    7.132180] VFS: Dquot-cache hash table entries: 512 (order 0, 4096 bytes)
[    7.133317] squashfs: version 4.0 (2009/01/31) Phillip Lougher
[    7.142165] fuse init (API versio7.23)
[    7.2859]eyyp bg_y egsted[   7.539356] Allocating IMA MOK and blacklist keyrings.
[    7.581631] Key type asymmetric registered
[    7.615792] Asymmetric key parser 'x509' registered
[    7.616529] Block layer SCSI generic (bsg) driver version 0.4 loaded (major 249)
[    7.624542] io scheduler noop registered
[    7.626243] io scheduler deadline registered (default)
[    7.626999] io scheduler cfq registered
[    7.627683] pci_hotplug: PCI Hot Plug PCI Core version: 0.5
[    7.628448] pciehp: PCI Express Hot Plug Controller Driver version: 0.4
[    7.629430] ACPI: AC Adapter [AC] (on-line)
[    7.632133] input: Power Button as /devices/LNXSYSTM:00/LNXPWRBN:00/input/input0
[    7.636553] ACPI: Power Button [PWRF]
[    7.637196] input: Sleep Button as /devices/LNXSYSTM:00/LNXSLPBN:00/input/input1
[    7.643617] ACPI: Sleep Button [SLPF]
[    7.644428] GHES: HEST is not enabled!
[    7.650411] Serial: 8250/16550 driver, 32 ports, IRQ sharing enabled
[    7.673553] 00:02: ttyS0 at I/O 0x3f8 (irq = 4, base_baud = 115200) is a 16550A
[    7.680978] Linux agpgart interface v0.103
[    7.686939] loo mule loaded
[   7.35782] scsi host0: ata_piix

[    7.88672] cs hst1 ata_piix
[    8.021571] ata1 PTAaxUD/3 c 0f0ct0xf6bma d00 q 
  8.2060] ata2: PATA max UDMA/33 cmd 0x170 ctl 0x376 bmdma 0xd008 irq 15
[    8.751812] tsc: Refined TSC clocksource calibration: 3591.535 MHz
[    8.752893] clocksource: tsc: mask: 0xffffffffffffffff max_cycles: 0x33c516a2d9f, max_idle_ns: 440795282361 ns
[    8.754793] libphy: Fixed MDIO Bus: probed
[    8.756642] tun: Universal TUN/TAP device driver1.
[    8.825542] tun: (C) 1999-2004 Max Krasnyansky <maxk@qualcomm.com>
[    8.827408] PPP generic driver version 2.4.2
[    8.836031] ehci_hcd: USB 2.0 'Enhanced' Host Controller (EHCI) Driver
[    8.837731] ehci-pci: EHCI PCI platform driver
[    8.844828] ehci-plform: EHCI generic platform driver
[    8.898553 ocihc: B 1 pe Ht ntolerOH) ivr  9.574]hcpc OCI PCI pltfm driver
  9.347]hcplfo: HCI generic platform driver
[   .164] hchcd: USB Universal Host Controller Interface driver
[   10.343231] i8042: PNP: PS//2 Controller [PNP0303:PS2K,PNP0f03:PS2M] at 0x60,0x64 irq 1,12
[   10.345782] serio: i8042 KBD port at 0x60,0x64 irq 1
[   10.346402] serio: i8042 AUX port at 0x60,0x64 irq 12
[   10.347201] mousedev: PS/2 mou dic cmo f al ce
[ 10672213] tcmos rtc_cmos: rtc core: registered rtc_cmos as rtc0
[   10.838423] input: AT Translated Set 2 keyboard as /devices/platform/i8042/serio0/input/input2
[   10.839634] rtc_cmos rtc_cmos: alarms up to one day, 114 bytes nvram
[   10.840417] i2c /dev entries driver
[   10.943109] device-mapper: uevent: version 1.0.3
[   10.975420] device-mapper: ioctl: 4.34.0-ioctl (2015-10-28) initialised: dm-devel@redhat.com
[   11.038843] ledtrig-cpu: registered to indicate activity on CPUs
[   11.040276] NET: Registered protocol family 10
[   11.146123] NET: Registered protocol family 17
[   11.215399] Key type dns_resolver registered
[   11.366546] registered taskstats version 1
[   11.501343] Loading compiled-in X.509 certificates
[   11.681868] Loaded X.509 cert 'Build time autogenerated kernel key: 9f6f572a3ee0cb468eb8db4aa61815bc74ef6adb'
[   11.822056] zswap: loaded using pool lzo/zbud
[   11.824272] Key type trusted registered
[   11.934789] Key type encrypted registered
[   12.059319] AppArmor: AppArmor sha1 policy hashing enabled
[   12.211306] ima: No TPM chip found, activating TPM-bypass!
[   12.213148] evm: HMAC attrs: 0x1
[   12.213957]   Magic number: 2:62:537
[   12.214471] tty ttyS17: hash matches
[   12.215185] rtc_cmos rtc_cmos: setting system clock to 2018-05-28 14:31:01 UTC (1527517861)
[   12.255940] BIOS EDD facility v0.16 2004-Jun-25, 0 devices found
[   12.256684] EDD information not available.
[   12.258349] Freeing unused kernel memory: 1512K
[   12.301623] Write protecting the kernel read-only data: 14336k
[   12.308048] Freeing unused kernel memory: 1692K
[   12.371815] Freeing unused kernel memory: 96K
Loading, please [   12.429954] random: systemd-udevd: uninitialized urandom read (16 bytes read, 4 bits of entropy available)
wait...
starting version 229
[   12.430576] random: udevadm: uninitialized urandom read (16 bytes read, 4 bits of entropy available)
[   12.430592] random: udevadm: uninitialized urandom read (16 bytes read, 4 bits of entropy available)
[   12.443613] random: udevadm: uninitialized urandom read (16 bytes read, 4 bits of entropy available)
[   12.443646] random: udevadm: uninitialized urandom read (16 bytes read, 4 bits of entropy available)
[   12.443823] random: udevadm: uninitialized urandom read (16 bytes read, 4 bits of entropy available)
[   12.443865] random: udevadm: uninitialized urandom read (16 bytes read, 4 bits of entropy available)
[   12.443902] random: udevadm: uninitialized urandom read (16 bytes read, 4 bits of entropy available)
[   12.443941] random: udevadm: uninitialized urandom read (16 bytes read, 4 bits of entropy available)
[   12.443977] random: udevadm: uninitialized urandom read (16 bytes read, 4 bits of entropy available)
[   12.717917] e1000: Intel(R) PRO/1000 Network Driver - version 7.3.21-k8-NAPI
[   12.759690] e1000: Copyright (c) 1999-2006 Intel Corporation.
[   12.762034] Fusion MPT base driver 3.04.20
[   12.844071] Copyright (c) 1999-2008 LSI Corporation
[   12.902666] Fusion MPT SPI Host driver 3.04.20
[   13.033312] AVX2 version of gcm_enc/dec engaged.
[   13.035745] input: ImExPS/2 Generic Explorer Mouse as /devices/platform/i8042/serio1/input/input4
[   13.118686] e1000 0000:00:03.0 eth0: (PCI:33MHz:32-bit) 02:f0:aa:2d:49:f4
[   13.118690] e1000 0000:00:03.0 eth0: Intel(R) PRO/1000 Network Connection
[   13.119337] mptbase: ioc0: Initiating bringup
[   13.150038] AES CTR mode by8 optimization enabled
[   13.195793] ioc0: LSI53C1030 A0: Capabilities={Initiator}
[   13.361095] scsi host2: ioc0: LSI53C1030 A0, FwRev=00000000h, Ports=1, MaxQ=256, IRQ=20
[   13.543754] scsi 2:0:0:0: Direct-Access     VBOX     HARDDISK         1.0  PQ: 0 ANSI: 5
[   13.634710] scsi target2:0:0: Beginning Domain Validation
[   13.636539] scsi target2:0:0: Domain Validation skipping write tests
[   13.642887] scsi target2:0:0: Ending Domain Validation
[   13.643702] scsi target2:0:0: asynchronous
[   13.651393] scsi 2:0:1:0: Direct-Access     VBOX     HARDDISK         1.0  PQ: 0 ANSI: 5
[   13.654994] scsi target2:0:1: Beginning Domain Validation
[   13.669544] scsi target2:0:1: Domain Validation skipping write tests
[   13.714301] scsi target2:0:1: Ending Domain Validation
[   13.739916] scsi target2:0:1: asynchronous
[   13.746830] sd 2:0:0:0: Attached scsi generic sg0 type 0
[   13.753426] sd 2:0:0:0: [sda] 20971520 512-byte logical blocks: (10.7 GB/10.0 GiB)
[   13.753725] sd 2:0:1:0: Attached scsi generic sg1 type 0
[   13.753956] sd 2:0:1:0: [sdb] 20480 512-byte logical blocks: (10.5 MB/10.0 MiB)
[   13.754204] sd 2:0:1:0: [sdb] Write Protect is off
[   13.754287] sd 2:0:1:0: [sdb] Incomplete mode parameter data
[   13.754288] sd 2:0:1:0: [sdb] Assuming drive cache: write through
[   13.756747] sd 2:0:1:0: [sdb] Attached SCSI disk
[   13.803972] sd 2:0:0:0: [sda] Write Protect is off
[   13.839431] sd 2:0:0:0: [sda] Incomplete mode parameter data
[   13.846621] sd 2:0:0:0: [sda] Assuming drive cache: write through
[   13.848936]  sda: sda1
[   13.856980] sd 2:0:0:0: [sda] Attached SCSI disk
[   13.891810] e1000 0000:00:08.0 eth1: (PCI:33MHz:32-bit) 08:00:27:09:ba:7f
[   13.891814] e1000 0000:00:08.0 eth1: Intel(R) PRO/1000 Network Connection
[   14.036261] e1000 0000:00:03.0 enp0s3: renamed from eth0
[   14.059903] e1000 0000:00:08.0 enp0s8: renamed from eth1
Begin: Loading e[   15.322189] md: linear personality registered for level -1
ssential drivers ... [   15.328584] md: multipath personality registered for level -4
[   15.471984] md: raid0 personality registered for level 0
[   15.571182] md: raid1 personality registered for level 1
[   15.691442] raid6: sse2x1   gen() 11099 MB/s
[   15.763400] raid6: sse2x1   xor()  8839 MB/s
[   15.835454] raid6: sse2x2   gen() 14630 MB/s
[   15.907435] raid6: sse2x2   xor()  9565 MB/s
[   15.987463] raid6: sse2x4   gen() 16807 MB/s
[   16.079427] raid6: sse2x4   xor() 10971 MB/s
[   16.151438] raid6: avx2x1   gen() 22362 MB/s
[   16.235475] raid6: avx2x2   gen() 26603 MB/s
[   16.307423] raid6: avx2x4   gen() 29483 MB/s
[   16.313317] raid6: using algorithm avx2x4 gen() 29483 MB/s
[   16.314033] raid6: using avx2x2 recovery algorithm
[   16.316126] xor: automatically using best checksumming function:
[   16.359661]    avx       : 23362.000 MB/sec
[   16.384045] async_tx: api initialized (async)
[   16.486890] md: raid6 personality registered for level 6
[   16.562922] md: raid5 personality registered for level 5
[   16.565480] md: raid4 personality registered for level 4
[   16.571223] md: raid10 personality registered for level 10
done.
Begin: Running /scripts/init-premount ... done[   16.653388] Btrfs loaded
.
Begin: Mounting root file system ... Begin: Running /scripts/local-top ... done.
Begin: Running /scripts/local-premount ... Scanning for Btrfs filesystems
done.
Warning: fsck not present, so skipping root file system
[   16.724624] EXT4-fs (sda1): mounted filesystem with ordered data mode. Opts: (null)
done.
Begin: Running /scripts/local-bottom ... done.
Begin: Running /scripts/init-bottom ... done.
[   17.197546] systemd[1]: systemd 229running  sstm od. +P +AUDIT SEINU +A PPRM +AC+SVIT UTMP +LIBCRYPTSETUP +GCRYPT +GNLSAC+X-L +CCP BLKID +ELFUTILS +KMOD -IDN)
[   1.161963] syte[1 Dteedvirtalatn acle.
[   18.524122] systemd[1]: Detected architecture x86-64.

Welcome to [1mUbuntu 16.04.4 LTS[0m!

[ 18.782150] systemd[1]: Set hostname to <ubuntu>.

[   18.30] std[: itlizing chineIDfrm nd geror
[ 19.520925] systemd[1]: Installed transient /etc/machine-id file.
[ 19.589079] rndm:nonblocking pool is initialized

[ 2006457] systemd[1] Cated li Sstem Slic. [[0;32m  OK  [0m] Created slice System Slice.
[   2.16740] ste[1 Ltengn Syslog Socket.
[[0;32m  OK  [0m] Listening on Syslog Socket.
[  2.593 ste[1]: Reached target Swap.
[[0;32m  OK  [0m] Reached target Swap.
[   21.756026] systemd[1]: Listening on uevontrol Socket.
[[0;32m  OK  [0m] Listening on udev Control Socket.
[   21.840773] systemd[1]: Reached target User and Group Name Lookups.
[[0;32m  OK  [0m] Reached target User and Group Name Lookups.
[  28805 sstd[: stening on udev Kernel Socket.
[[0;32m  OK  [0m] Listening on udev Kernel Socket.
[   22.174145] systemd[1]: Listening on Jurl diSocket.
[[0;32m  OK  [0m] Listening on Journal Audit Socket.
[   22.367843] systemd[1]: Listening on Journal Socket (/dev/log).
[[0;32m  OK  [0m] Listening on Journal Socket (/dev/log).
[   22.369397] systemd[1]: Started Forward Password Requests to Wall Directory Watch.
[[0;32m  OK  [0m] Started Forward Password Requests to Wall Directory Watch.
[   2.1618] systemd[1]: Reached target Encrypted Volumes.
[[0;32m  OK  [0m] Reached target Encrypted Volumes.
[   22.524503] systemd[1]: Created slice system-serial\x2dgetty.slice.
[[0;32m  OK  [0m] Created slice system-serial\x2dgetty.slice.
[   22.526031] systemd[1]: Started Trigger resolvconf update for networkd DNS.
[[0;32m  OK  [0m] Started Trigger resolvconf update for networkd DNS.
[ 22640]ystemd[1]:eaed target SteTi Schnid.
[[0;32m  OK  [0m] Reached target System Time Synchronized.
[ 23.276] std[: stnig on Dice-mape event dem FOs.
[[0;32m  OK  [0m] Listening on Device-mapper event daemon FIFOs.
[   23.766034] systemd[1]: Created slice User and Session Slice.
[[0;32m  OK  [0m] Created slice User and Session Slice.
[   23.768871] systemd[1]: Reached target Slices.
[[0;32m  OK  [0m] Reached target Slices.
[   23.770113] systemd[1]: Listening on Journal Socket.
[[0;32m  OK  [0m] Listening on Journal Socket.
[   23.783653] systemd[1]: Starting Journal Service...
         Starting Journal Service...
[   23.800266] systemd[1]: Starting Uncomplicated firewall...
         Starting Uncomplicated firewall...
[   23.896470] systemd[1]: Starting Create list of required static device nodes for the current kernel...
         Starting Create list of required st... nodes for the current kernel...
[   23.921908] systemd[1]: Mounting Debug File System...
         Mounting Debug File System...
[   23.991784] systemd[1]: Starting Remount Root and Kernel File Systems...
[   24.009744] EXT4-fs (sda1): re-mounted. Opts: (null)
         Starting Remount Root and Kernel File Systems...
[   24.020926] systemd[1]: Starting Nameserver information manager...
         Starting Nameserver information manager...
[   24.056158] systemd[1]: Starting Set console keymap...
         Starting Set console keymap...
[   24.068542] systemd[1]: Mounting POSIX Message Queue File System...
         Mounting POSIX Message Queue File System...
[   24.123601] systemd[1]: Mounting Huge Pages File System...
         Mounting Huge Pages File System...
[   24.139586] systemd[1]: Listening on LVM2 poll daemon socket.
[[0;32m  OK  [0m] Listening on LVM2 poll daemon socket.
[   24.199694] systemd[1]: Starting Load Kernel Modules...
         Starting Load Kernel Modules...
[   24.221408] systemd[1]: Listening on /dev/initctl Compatibility Named Pipe.
[[0;32m  OK  [0m] Listening on /dev/initctl Compatibility Named Pipe.
[   24.250493] systemd[1]: Set up automount Arbitrary Executable File Formats File System Automount Point.
[   24.314117] Loading iSCSI transport class v2.0-870.
[[0;32m  OK  [0m] Set up automount Arbitrary E[   24.875568] iscsi: registered transport (tcp)
xecutab...ats File System Automount Point.
[   24.930448] systemd1] LteinonVM2 metadata daemon socket.
[[0;32m  OK  [0m] Listening on LVM2 metadata daemon socket.
[   25.251656] systemd[1]: Starting Monitoring of LVM2 mirrors, snapshots etc. using dmeventd or progress polling...
         Starting Monitoring of LVM2 mirrors... dmeventd or progress polling...
[   25.314292] iscsi: registered transport (iser)
[   25.416216] systemd[1]: Mounted Huge Pages File System.
[[0;32m  OK  [0m] Mounted Huge Pages File System.
[   25.48764syem1]Mote Debug Fleysem.
[[0;32m  OK  [0m] Mounted Debug File System.
[  28934 sted[: ounted POSIX Message Queue File System.
[[0;32m  OK  [0m] Mounted POSIX Message Queue File System.
[   26.161541] systemd[1]: Started Journal Service.
[[0;32m  OK  [0m] Started Journal Service.
[[0;32m  OK  [0m] Started Uncomplicated firewall.
[[0;32m  OK  [0m] Started Create list of required sta...ce nodes for the current kernel.
[[0;32m  OK  [0m] Started Remount Root and Kernel File Systems.
[[0;32m  OK  [0m] Started Set console keymap.
[[0;32m  OK  [0m] Started Load Kernel Modules.
[[0;32m  OK  [0m] Started Nameserver information manager.
[[0;32m  OK  [0m] Started LVM2 metadata daemon.
         Starting Apply Kernel Variables...
         Mounting FUSE Control File System...
         Starting udev Coldplug all Devices...
         Starting Load/Save Random Seed...
         Starting Create Static Device Nodes in /dev...
         Starting Flush Journal to Persistent Storage...
[[0;32m  OK  [0m] Mounted FUSE Control File System.
[[0;32m  OK  [0m] Started Apply Kernel Variables.
[[0;32m  OK  [0m] Started Load/Save Random Seed.
[[0;32m  OK  [0m] Started udev Coldplug all Devices.
[[0;32m  OK  [0m] Started Flush Journal to Persistent Storage.
[[0;32m  OK  [0m] Started Monitoring of LVM2 mirrors,...ng dmeventd or progress polling.
[[0;32m  OK  [0m] Started Create Static Device Nodes in /dev.
         Starting udev Kernel Device Manager...
[[0;32m  OK  [0m] Started udev Kernel Device Manager.
[[0;32m  OK  [0m] Started Dispatch Password Requests to Console Directory Watch.
[[0;32m  OK  [0m] Reached target Local File Systems (Pre).
[[0;32m  OK  [0m] Reached target Local File Systems.
         Starting Set console font and keymap...
         Starting LSB: AppArmor initialization...
         Starting Create Volatile Files and Directories...
         Starting Tell Plymouth To Write Out Runtime Data...
         Starting Commit a transient machine-id on disk...
         Starting Initial cloud-init job (pre-networking)...
[[0;32m  OK  [0m] Found device /dev/ttyS0.
[[0;32m  OK  [0m] Started Create Volatile Files and Directories.
[[0;32m  OK  [0m] Started Commit a transient machine-id on disk.
         Starting Update UTMP about System Boot/Shutdown...
[[0;32m  OK  [0m] Started Tell Plymouth To Write Out Runtime Data.
[[0;32m  OK  [0m] Started Update UTMP about System Boot/Shutdown.
[[0;32m  OK  [0m] Listening on Load/Save RF Kill Switch Status /dev/rfkill Watch.
[[0;32m  OK  [0m] Started Set console font and keymap.
[[0;32m  OK  [0m] Created slice system-getty.slice.
[[0;32m  OK  [0m] Started LSB: AppArmor initialization.
[   27.446336] cloud-init[511]: Cloud-init v. 18.2 running 'init-local' at Mon, 28 May 2018 14:31:19 +0000. Up 27.03 seconds.
[[0;32m  OK  [0m] Started Initial cloud-init job (pre-networking).
[[0;32m  OK  [0m] Reached target Network (Pre).
         Starting Raise network interfaces...
[[0;32m  OK  [0m] Started Raise network interfaces.
         Starting Initial cloud-init job (metadata service crawler)...
[[0;32m  OK  [0m] Reached target Network.
[   29.343283] cloud-init[1002]: Cloud-init v. 18.2 running 'init' at Mon, 28 May 2018 14:31:20 +0000. Up 28.13 seconds.
[   29.397026] cloud-init[1002]: ci-info: ++++++++++++++++++++++++++++++++++++++Net device info++++++++++++++++++++++++++++++++++++++
[[0;32m  OK  [0m] Started Initial cloud-init job (metadata service crawler).
[   29.427643] cloud-init[1002]: ci-info: +--------+-------+----------------------------+---------------+-------+-------------------+
[   29.440842] [cloud-init[0;32m  OK  [0m[1002]: ] ci-info: | Device |   Up  |          Address           |      Mask     | Scope |     Hw-Address    |Reached target Network is Online.

[   29.441035] cloud-init[1002]: ci-info: +--------+-------+----------------------------+---------------+-------+-------------------+
[   29.447744] cloud-init[1002]: ci-info: | enp0s3 |  True |         10.0.2.15          | 255.255.255.0 |   .   | 02:f0:aa:2d:49:f4 |
[   29.461843]          cloud-initStarting iSCSI initiator daemon (iscsid)...[1002]: 
ci-info: | enp0s3 |  True | fe80::f0:aaff:fe2d:49f4/64 |       .       |  link | 02:f0:aa:2d:49:f4 |
[   29.498435] cloud-init[1002]: ci-info: | enp0s8 | False |             .              |       .       |   .   | 08:00:27:09:ba:7f |
[   29.500112] [cloud-init[0;32m  OK  [0m[1002]: ] ci-info: |   lo   |  True |         127.0.0.1          |   255.0.0.0   |   .   |         .         |Reached target Cloud-config availability.

[[   29.500469] [0;32m  OK  [0mcloud-init] [1002]: Reached target System Initialization.ci-info: |   lo   |  True |          ::1/128           |       .       |  host |         .         |

[[0;32m  OK  [0m] Started Daily apt download activities.
[[   29.567282] [0;32m  OK  [0mcloud-init] [1002]: Started Daily apt upgrade and clean activities.ci-info: +--------+-------+----------------------------+---------------+-------+-------------------+

[   29.657305] [cloud-init[0;32m  OK  [0m[1002]: ] ci-info: +++++++++++++++++++++++++++Route IPv4 info++++++++++++++++++++++++++++Started Daily Cleanup of Temporary Directories.

[   29.657499] cloud-init[1002]: ci-info: +-------+-------------+----------+---------------+-----------+-------+
[   29.700204] [cloud-init[0;32m  OK  [0m[1002]: ] ci-info: | Route | Destination | Gateway  |    Genmask    | Interface | Flags |Started ACPI Events Check.

[[   29.700432] [0;32m  OK  [0mcloud-init] [1002]: Reached target Paths.ci-info: +-------+-------------+----------+---------------+-----------+-------+

[   29.709230]          cloud-initStarting Socket activation for snappy daemon.[1002]: 
ci-info: |   0   |   0.0.0.0   | 10.0.2.2 |    0.0.0.0    |   enp0s3  |   UG  |
[   29.710737] [cloud-init[0;32m  OK  [0m[1002]: ] ci-info: |   1   |   10.0.2.0  | 0.0.0.0  | 255.255.255.0 |   enp0s3  |   U   |Reached target Timers.

[[   29.711090] [0;32m  OK  [0mcloud-init] [1002]: Listening on D-Bus System Message Bus Socket.ci-info: +-------+-------------+----------+---------------+-----------+-------+

[   29.713822] [cloud-init[0;32m  OK  [0m[1002]: ] Generating public/private rsa key pair.Listening on ACPID Listen Socket.

[   29.714176] cloud-init[1002]: Your identification has been saved in /etc/ssh/ssh_host_rsa_key.
[   29.720971] cloud-init[1002]: Your public key has been saved in /etc/ssh/ssh_host_rsa_key.pub.
[   29.744279]          cloud-initStarting LXD - unix socket.[1002]: 
The key fingerprint is:
[   29.816971] [cloud-init[0;32m  OK  [0m[1002]: ] SHA256:P6pnon+dxs5lWaz5JVs5G61TfDiujO5Kc5VDu/G6O4g root@ubuntu-xenialListening on UUID daemon activation socket.

[   29.817143] cloud-init[1002]: The key's randomart image is:
[   29.907592] cloud-init[1002]: +---[RSA 2048]----+
[   29.914559] cloud-init[1002]: |                 |
[   29.964889] [cloud-init[0;32m  OK  [0m[1002]: ] |                 |Listening on Socket activation for snappy daemon.

[[   29.965370] [0;32m  OK  [0mcloud-init] [1002]: Listening on LXD - unix socket.|            .    |

[[0;32m  OK  [0m] Started iSCSI initiator daemon (iscsid).
[   30.011359] cloud-init[1002]: |           . +   |
[   30.036593] cloud-init[1002]: |        S   * oo |
         Starting Login to default iSCSI targets...
[[   30.037299] [0;32m  OK  [0mcloud-init] [1002]: Reached target Sockets.|         . . Xo *|

[   30.060585] [cloud-init[0;32m  OK  [0m[1002]: ] |        o++oB.o*=|Reached target Basic System.

[   30.070447] cloud-init[1002]: |      ..E=**.oo*+|
[   30.084480]          cloud-initStarting Virtualbox guest utils...[1002]: 
|    .oo*o** *=+o |
[   30.212285] [cloud-init[0;32m  OK  [0m[1002]: ] +----[SHA256]-----+Started D-Bus System Message Bus.

[   30.212512] cloud-init[1002]: Generating public/private dsa key pair.
[   30.258651] cloud-init[1002]: Your identification has been saved in /etc/ssh/ssh_host_dsa_key.
[   30.278703] cloud-init[1002]: Your public key has been saved in /etc/ssh/ssh_host_dsa_key.pub.
[   30.337590]          cloud-initStarting LSB: Record successful boot for GRUB...[1002]: 
The key fingerprint is:
         Starting System Logging Service...
[   30.357797] cloud-init[1002]: SHA256:hXZsZHIVMxYlqMHH13eSf7nisLUfcM59F40vwwULS6w root@ubuntu-xenial
[   30.369035]          cloud-initStarting LSB: MD monitoring daemon...[1002]: 
The key's randomart image is:
[   30.380386]          cloud-initStarting /etc/rc.local Compatibility...[1002]: 
+---[DSA 1024]----+
[   30.436338]          cloud-initStarting Accounts Service...[1002]: 
|       ...+oO=.. |
[   30.480172] [cloud-init[0;32m  OK  [0m[1002]: ] |        oB+o.++ o|Started Deferred execution scheduler.

[   30.480350] cloud-init[1002]: |        o+=.+ .+o|
[   30.540740] cloud-init[1002]: |       ..+ o o =+|
[   30.552161] cloud-init[1002]: |        S E ..oo=|
[   30.553194] cloud-init[1002]: |           . +=+o|
[   30.644465]          cloud-initStarting Pollinate to seed the pseudo random number generator...[1002]: 
|            = *+=|
[   30.708907] [cloud-init[0;32m  OK  [0m[1002]: ] |           . o o+|Started ACPI event daemon.

[   30.709080] cloud-init[1002]: |              .. |
[   30.792319]          cloud-initStarting Login Service...[1002]: 
+----[SHA256]-----+
[   30.792589] cloud-init[1002]: Generating public/private ecdsa key pair.
[   30.888482] [cloud-init[0;32m  OK  [0m[1002]: ] Your identification has been saved in /etc/ssh/ssh_host_ecdsa_key.Started FUSE filesystem for LXC.

[   30.888867] cloud-init[1002]: Your public key has been saved in /etc/ssh/ssh_host_ecdsa_key.pub.
[[0;32m  OK  [0m] Started Unattended Upgrades Shutdown.
[   30.960638] cloud-init[1002]: The key fingerprint is:
[   31.016302] cloud-init[1002]: SHA256:N/UjOyX1sy9QmytiJ0CkMI+FnIT0gri3V0mC6OseKys root@ubuntu-xenial
[   31.050349] [cloud-init[0;32m  OK  [0m[1002]: ] The key's randomart image is:Started Regular background program processing daemon.

[   31.050644] cloud-init[1002]: +---[ECDSA 256]---+
[   31.073511]          cloud-initStarting Apply the settings specified in cloud-config...[1002]: 
| ..+.o           |
[   31.188815]          cloud-initStarting LXD - container startup/shutdown...[1002]: 
|.o.o* . .        |
[   31.189009] cloud-init[1002]: |+ o o*.o    . .  |
[   31.329517]          cloud-initStarting Snappy daemon...[1002]: 
|.. ..oo..  . o.. |
[   31.396373] [cloud-init[0;32m  OK  [0m[1002]: ] |...   o.S o o.++.|Started System Logging Service.

[   31.396628] cloud-init[1002]: | ... .  .. ..=o.o|
[   31.408527] [cloud-init[0;32m  OK  [0m[1002]: ] | o. .    .  o. o |Started /etc/rc.local Compatibility.

[   31.408791] cloud-init[1002]: |E o.      + o.o .|
[   31.418850] cloud-init[1002]: |==       . + . ..|
[   31.426548] cloud-init[1002]: +----[SHA256]-----+
[   31.434253] cloud-init[1002]: Generating public/private ed25519 key pair.
[   31.436507] cloud-init[1002]: Your identification has been saved in /etc/ssh/ssh_host_ed25519_key.
[   31.472364] [cloud-init[0;32m  OK  [0m[1002]: ] Your public key has been saved in /etc/ssh/ssh_host_ed25519_key.pub.Started Login Service.

[   31.472548] cloud-init[1002]: The key fingerprint is:
[   31.512354] cloud-init[1002]: SHA256:LiWD1OSCPu1lKfpxlAyU7d4dBwlZboq9JMvdvLiGSuk root@ubuntu-xenial
[[0;32m  OK  [0m] Started LSB: Record successful boot for GRUB.
[   31.512616] cloud-init[1002]: The key's randomart image is:
[   31.535495] cloud-init[1002]: +--[ED25519 256]--+
[   31.568329] cloud-init[1002]: |    .o. .+..     |
[   31.568509] cloud-init[1002]: |   o.+. ..o      |
         Starting Authenticate and Authorize Users to Run Privileged Tasks...
[   31.568605] cloud-init[1002]: |  . +.o   o.     |
[   31.604325] cloud-init[1002]: | . o =.= o. .    |
[   31.628304] cloud-init[1002]: |  o +.%.S. o     |
[   31.668384] cloud-init[1002]: |   + B.X.+.      |
[   31.679341] cloud-init[1002]: |  . = =.+ o      |
[   31.701326] cloud-init[1002]: |   + o.... .     |
[   31.703272] cloud-init[1002]: |    E. .o..      |
[   31.705187] cloud-init[1002]: +----[SHA256]-----+
[[0;32m  OK  [0m] Started Login to default iSCSI targets.
[[0;32m  OK  [0m] Reached target Remote File Systems (Pre).
[[0;32m  OK  [0m] Reached target Remote File Systems.
         Starting LSB: daemon to balance interrupts for SMP systems...
         Starting LSB: automatic crash report generation...
         Starting LSB: Set the CPU Frequency Scaling governor to "ondemand"...
         Starting Permit User Sessions...
[[0;32m  OK  [0m] Started LSB: MD monitoring daemon.
[[0;32m  OK  [0m] Started LSB: Set the CPU Frequency Scaling governor to "ondemand".
[[0;32m  OK  [0m] Started Permit User Sessions.
         Starting Terminate Plymouth Boot Screen...
         Starting Hold until boot process finishes up...
[[0;32m  OK  [0m] Started LSB: daemon to balance interrupts for SMP systems.
[[0;32m  OK  [0m] Started Terminate Plymouth Boot Screen.
[[0;32m  OK  [0m] Started Hold until boot process finishes up.
[[0;32m  OK  [0m] Started Authenticate and Authorize Users to Run Privileged Tasks.
[[0;32m  OK  [0m] Started Accounts Service.
         Starting Set console scheme...
[[0;32m  OK  [0m] Started Getty on tty1.
[[0;32m  OK  [0m] Started Serial Getty on ttyS0.
[[0;32m  OK  [0m] Reached target Login Prompts.
[[0;32m  OK  [0m] Started LSB: automatic crash report generation.
[[0;32m  OK  [0m] Started Set console scheme.
[[0;32m  OK  [0m] Started Virtualbox guest utils.
[   32.595220] cloud-init[1180]: Generating locales (this might take a while)...
[[0;32m  OK  [0m] Started Pollinate to seed the pseudo random number generator.
         Starting OpenBSD Secure Shell server...
[[0;32m  OK  [0m] Started OpenBSD Secure Shell server.
[   34.720644] cloud-init[1180]:   en_US.UTF-8... done
[   34.744340] cloud-init[1180]: Generation complete.
[[0;32m  OK  [0m] Started LXD - container startup/shutdown.
[[0;32m  OK  [0m] Started Snappy daemon.
[[0;32m  OK  [0m] Reached target Multi-User System.
[[0;32m  OK  [0m] Reached target Graphical Interface.
         Starting Update UTMP about System Runlevel Changes...
[[0;32m  OK  [0m] Started Update UTMP about System Runlevel Changes.
[[0;32m  OK  [0m] Created slice User Slice of vagrant.
         Starting User Manager for UID 1000...
[[0;32m  OK  [0m] Started Session 1 of user vagrant.
[[0;32m  OK  [0m] Started User Manager for UID 1000.
[   36.271270] cloud-init[1180]: Cloud-init v. 18.2 running 'modules:config' at Mon, 28 May 2018 14:31:23 +0000. Up 31.30 seconds.
[[0;32m  OK  [0m] Started Apply the settings specified in cloud-config.
         Starting Execute cloud user/final scripts...
ci-info: no authorized ssh keys fingerprints found for user ubuntu.
<14>May 28 14:31:29 ec2: 
<14>May 28 14:31:29 ec2: #############################################################
<14>May 28 14:31:29 ec2: -----BEGIN SSH HOST KEY FINGERPRINTS-----
<14>May 28 14:31:29 ec2: 1024 SHA256:hXZsZHIVMxYlqMHH13eSf7nisLUfcM59F40vwwULS6w root@ubuntu-xenial (DSA)
<14>May 28 14:31:29 ec2: 256 SHA256:N/UjOyX1sy9QmytiJ0CkMI+FnIT0gri3V0mC6OseKys root@ubuntu-xenial (ECDSA)
<14>May 28 14:31:29 ec2: 256 SHA256:LiWD1OSCPu1lKfpxlAyU7d4dBwlZboq9JMvdvLiGSuk root@ubuntu-xenial (ED25519)
<14>May 28 14:31:29 ec2: 2048 SHA256:P6pnon+dxs5lWaz5JVs5G61TfDiujO5Kc5VDu/G6O4g root@ubuntu-xenial (RSA)
<14>May 28 14:31:29 ec2: -----END SSH HOST KEY FINGERPRINTS-----
<14>May 28 14:31:29 ec2: #############################################################
-----BEGIN SSH HOST KEY KEYS-----
ecdsa-sha2-nistp256 AAAAE2VjZHNhLXNoYTItbmlzdHAyNTYAAAAIbmlzdHAyNTYAAABBBLMwgzUA9be0qgdKejt7tsh61j82PHzks7h32oiRhea8bw8OsYmlrOZXfrKucFK71ffzllFqa5jwlPai66r+/oE= root@ubuntu-xenial
ssh-ed25519 AAAAC3NzaC1lZDI1NTE5AAAAILn+J8WeoX717SdjQtfl9z+DA7Reyzdfanq4o00krqWA root@ubuntu-xenial
ssh-rsa AAAAB3NzaC1yc2EAAAADAQABAAABAQDUleSCIPLqI07LWlvj3IQH2kNiSZFXa+fmS4DIOuL4tKY12yeHxcUkU7J2kfa63DQRx/5N9vqnpYZl9Z/1zql0lXHmK+WLKp875uyCWffrtbDlBeyQppgGnP8YOE8/R5QukCbev9vyvr6LXrCOiWH6xboOrWIEznKWYI0E6J0iFrOs5a6mT6O2SkF9HNqFrPLF/zMJeRqbWi+FeQS1E3XuE3Ck1siWlJ+NoV8d+CiKCrswjeRfUa6yPIOlXJ4+QDM1jEpDGipLX+FHHJb37tj1P2ZXRDlCq1wXrP8ExhlaHLwWQOJVTTC9NFoRsf8V4elhy4GEjeYX6iaqxxqnExed root@ubuntu-xenial
-----END SSH HOST KEY KEYS-----
[   37.055492] cloud-init[1414]: Cloud-init v. 18.2 running 'modules:final' at Mon, 28 May 2018 14:31:29 +0000. Up 36.58 seconds.
[   37.096541] cloud-init[1414]: ci-info: no authorized ssh keys fingerprints found for user ubuntu.
[[0;32m  OK  [0m] Started Execute cloud user/final scripts.
[   37.113596] cloud-init[1414]: Cloud-init v. 18.2 finished at Mon, 28 May 2018 14:31:29 +0000. Datasource DataSourceNoCloud [seed=/dev/sdb][dsmode=net].  Up 37.04 seconds
[[0;32m  OK  [0m] Reached target Cloud-init target.

Ubuntu 16.04.4 LTS ubuntu-xenial ttyS0

ubuntu-xenial login: 